// Jest Snapshot v1, https://goo.gl/fbAQLP

exports[`Matches searchhit 1`] = `
<div
  className="card"
>
  <h5
    className="card-header"
  />
  <div
    className="card-body"
  >
    <div
      className="card-title h5"
    />
    <p
      className="card-text"
    >
      <p>
        Description: 
      </p>
    </p>
    <p
      className="card-text"
    >
      <p>
        Solution: 
      </p>
    </p>
  </div>
</div>
`;
